// Jest Snapshot v1, https://goo.gl/fbAQLP

exports[`Button renders the component correctly 1`] = `
<View
  style={
    Object {
      "alignItems": "center",
      "backgroundColor": "#3f3f3f",
      "borderRadius": 999,
      "height": 40,
      "justifyContent": "center",
      "left": 0,
      "position": "absolute",
      "top": 0,
      "transform": Array [
        Object {
          "scale": 1,
        },
      ],
      "width": 40,
      "zIndex": 999,
    }
  }
>
  <View />
</View>
`;
