// Jest Snapshot v1, https://goo.gl/fbAQLP

exports[`Menu renders the component correctly 1`] = `
<View
  style={
    Array [
      Object {
        "alignItems": "center",
        "justifyContent": "center",
        "position": "absolute",
      },
      Object {
        "height": 80,
        "width": 80,
      },
      Object {
        "left": 0,
        "top": 0,
      },
    ]
  }
>
  <View
    style={
      Array [
        Object {
          "borderColor": "green",
          "borderRadius": 999,
          "position": "absolute",
          "zIndex": 999,
        },
        Object {
          "backgroundColor": "#3f3f3f",
          "height": 80,
          "width": 80,
        },
      ]
    }
  />
  <View
    style={
      Array [
        Object {
          "position": "relative",
        },
        Object {
          "height": 40,
          "width": 40,
        },
      ]
    }
  >
    <View
      style={
        Object {
          "alignItems": "center",
          "backgroundColor": "#3f3f3f",
          "borderRadius": 999,
          "height": 40,
          "justifyContent": "center",
          "left": 0,
          "position": "absolute",
          "top": 0,
          "transform": Array [
            Object {
              "scale": 1,
            },
          ],
          "width": 40,
          "zIndex": 999,
        }
      }
    >
      <View>
        <Text>
          1
        </Text>
      </View>
    </View>
    <View
      style={
        Object {
          "alignItems": "center",
          "backgroundColor": "#3f3f3f",
          "borderRadius": 999,
          "height": 40,
          "justifyContent": "center",
          "left": 0,
          "position": "absolute",
          "top": 0,
          "transform": Array [
            Object {
              "scale": 1,
            },
          ],
          "width": 40,
          "zIndex": 999,
        }
      }
    >
      <View>
        <Text>
          2
        </Text>
      </View>
    </View>
    <View
      style={
        Object {
          "alignItems": "center",
          "backgroundColor": "#3f3f3f",
          "borderRadius": 999,
          "height": 40,
          "justifyContent": "center",
          "left": 0,
          "position": "absolute",
          "top": 0,
          "transform": Array [
            Object {
              "scale": 1,
            },
          ],
          "width": 40,
          "zIndex": 999,
        }
      }
    >
      <View>
        <Text>
          3
        </Text>
      </View>
    </View>
  </View>
</View>
`;
